
Akshay's Windows@DESKTOP-RKK0JEA MINGW64 /e/Software_Develt (master)
$ git status
On branch master

No commits yet

Untracked files:
  (use "git add <file>..." to include in what will be comm
        a.txt
        b.txt
        c.txt
        gitcammans.txt
        html.txt

nothing added to commit but untracked files present (use "

Akshay's Windows@DESKTOP-RKK0JEA MINGW64 /e/Software_Devel
$ git add a.txt

Akshay's Windows@DESKTOP-RKK0JEA MINGW64 /e/Software_Devel
$ git status
On branch master

No commits yet

Changes to be committed:
  (use "git rm --cached <file>..." to unstage)
        new file:   a.txt

Untracked files:
  (use "git add <file>..." to include in what will be comm
        b.txt
        c.txt
        gitcammans.txt
        html.txt


Akshay's Windows@DESKTOP-RKK0JEA MINGW64 /e/Software_Devel
$ git add -A

Akshay's Windows@DESKTOP-RKK0JEA MINGW64 /e/Software_Devel
$ git status
On branch master

No commits yet

Changes to be committed:
  (use "git rm --cached <file>..." to unstage)
        new file:   a.txt
        new file:   b.txt
        new file:   c.txt
        new file:   gitcammans.txt
        new file:   html.txt


Akshay's Windows@DESKTOP-RKK0JEA MINGW64 /e/Software_Devel
$ git status
On branch master

No commits yet

Changes to be committed:
  (use "git rm --cached <file>..." to unstage)
        new file:   a.txt
        new file:   b.txt
        new file:   c.txt
        new file:   gitcammans.txt
        new file:   html.txt

Changes not staged for commit:
  (use "git add <file>..." to update what will be committe
  (use "git restore <file>..." to discard changes in worki
        modified:   a.txt
        modified:   c.txt


Akshay's Windows@DESKTOP-RKK0JEA MINGW64 /e/Software_Devel
$ git add -A

Akshay's Windows@DESKTOP-RKK0JEA MINGW64 /e/Software_Devel
$ git status
On branch master

No commits yet

Changes to be committed:
  (use "git rm --cached <file>..." to unstage)
        new file:   a.txt
        new file:   b.txt
        new file:   c.txt
        new file:   gitcammans.txt
        new file:   html.txt


Akshay's Windows@DESKTOP-RKK0JEA MINGW64 /e/Software_Devel
$  git commit -m"add more texts"
Author identity unknown

*** Please tell me who you are.

Run

  git config --global user.email "you@example.com"
  git config --global user.name "Your Name"

to set your account's default identity.
Omit --global to set the identity only in this repository.

fatal: unable to auto-detect email address (got 'Akshay's

Akshay's Windows@DESKTOP-RKK0JEA MINGW64 /e/Software_Devel
$ git config --global user.name "akshay"

Akshay's Windows@DESKTOP-RKK0JEA MINGW64 /e/Software_Devel
$ git config --global user.email "aakshaypatil33@gmail.com

Akshay's Windows@DESKTOP-RKK0JEA MINGW64 /e/Software_Devel
$ git uname
git: 'uname' is not a git command. See 'git --help'.

The most similar command is
        blame

Akshay's Windows@DESKTOP-RKK0JEA MINGW64 /e/Software_Devel
$ git username
git: 'username' is not a git command. See 'git --help'.

Akshay's Windows@DESKTOP-RKK0JEA MINGW64 /e/Software_Devel
$ git commit -m"add more texts"
[master (root-commit) f8246db] add more texts
 5 files changed, 38 insertions(+)
 create mode 100644 a.txt
 create mode 100644 b.txt
 create mode 100644 c.txt
 create mode 100644 gitcammans.txt
 create mode 100644 html.txt

Akshay's Windows@DESKTOP-RKK0JEA MINGW64 /e/Software_Devel
$ git status
On branch master
nothing to commit, working tree clean

Akshay's Windows@DESKTOP-RKK0JEA MINGW64 /e/Software_Devel
$ git status
On branch master
Changes not staged for commit:
  (use "git add <file>..." to update what will be committe
  (use "git restore <file>..." to discard changes in worki
        modified:   a.txt

no changes added to commit (use "git add" and/or "git comm

Akshay's Windows@DESKTOP-RKK0JEA MINGW64 /e/Software_Devel
$ git unchecked a.txt
git: 'unchecked' is not a git command. See 'git --help'.

Akshay's Windows@DESKTOP-RKK0JEA MINGW64 /e/Software_Devel
$ git checkedout a.txt
git: 'checkedout' is not a git command. See 'git --help'.

Akshay's Windows@DESKTOP-RKK0JEA MINGW64 /e/Software_Devel
$ git cheackout a.txt
git: 'cheackout' is not a git command. See 'git --help'.

The most similar command is
        checkout

Akshay's Windows@DESKTOP-RKK0JEA MINGW64 /e/Software_Devel
$ git checkout a.txt
Updated 1 path from the index

Akshay's Windows@DESKTOP-RKK0JEA MINGW64 /e/Software_Devel
$ git status
On branch master
Changes not staged for commit:
  (use "git add <file>..." to update what will be committe
  (use "git restore <file>..." to discard changes in worki
        modified:   b.txt
        modified:   c.txt

no changes added to commit (use "git add" and/or "git comm

Akshay's Windows@DESKTOP-RKK0JEA MINGW64 /e/Software_Devel
$ git checkout -f

Akshay's Windows@DESKTOP-RKK0JEA MINGW64 /e/Software_Devel
$ git log
commit f8246db39343157bb19018b79dd6a50d5c133617 (HEAD -> m
Author: akshay <aakshaypatil33@gmail.com>
Date:   Wed Jan 5 13:55:48 2022 +0530

    add more texts

Akshay's Windows@DESKTOP-RKK0JEA MINGW64 /e/Software_Devel
$ git log -p -1
commit f8246db39343157bb19018b79dd6a50d5c133617 (HEAD -> m
Author: akshay <aakshaypatil33@gmail.com>
Date:   Wed Jan 5 13:55:48 2022 +0530

    add more texts

diff --git a/a.txt b/a.txt
new file mode 100644
index 0000000..a38e771
--- /dev/null
+++ b/a.txt
@@ -0,0 +1 @@
+akshay
\ No newline at end of file
diff --git a/b.txt b/b.txt
new file mode 100644
index 0000000..e69de29
diff --git a/c.txt b/c.txt
new file mode 100644
index 0000000..3129a44
--- /dev/null
+++ b/c.txt
@@ -0,0 +1 @@
+aj
\ No newline at end of file
diff --git a/gitcammans.txt b/gitcammans.txt
new file mode 100644
index 0000000..cd0adca
--- /dev/null
+++ b/gitcammans.txt
@@ -0,0 +1,18 @@
+<!DOCTYPE html>
+<html>
+<head>
+    <meta charset='utf-8'>
+    <meta http-equiv='X-UA-Compatible' content='IE=edge'>

Akshay's Windows@DESKTOP-RKK0JEA MINGW64 /e/Software_Devel
$ git status
On branch master
Changes not staged for commit:
  (use "git add/rm <file>..." to update what will be commi
  (use "git restore <file>..." to discard changes in worki
        deleted:    gitcammans.txt
        deleted:    html.txt

no changes added to commit (use "git add" and/or "git comm

Akshay's Windows@DESKTOP-RKK0JEA MINGW64 /e/Software_Devel
$ git checkout html.txt
Updated 1 path from the index

Akshay's Windows@DESKTOP-RKK0JEA MINGW64 /e/Software_Devel
$ git status
On branch master
Changes not staged for commit:
  (use "git add/rm <file>..." to update what will be commi
  (use "git restore <file>..." to discard changes in worki
        deleted:    gitcammans.txt

no changes added to commit (use "git add" and/or "git comm

Akshay's Windows@DESKTOP-RKK0JEA MINGW64 /e/Software_Devel
$ git log -p -8
commit f8246db39343157bb19018b79dd6a50d5c133617 (HEAD -> m
Author: akshay <aakshaypatil33@gmail.com>
Date:   Wed Jan 5 13:55:48 2022 +0530

    add more texts

diff --git a/a.txt b/a.txt
new file mode 100644
index 0000000..a38e771
--- /dev/null
+++ b/a.txt
@@ -0,0 +1 @@
+akshay
\ No newline at end of file
diff --git a/b.txt b/b.txt
new file mode 100644
index 0000000..e69de29
diff --git a/c.txt b/c.txt
new file mode 100644
index 0000000..3129a44
--- /dev/null
+++ b/c.txt
@@ -0,0 +1 @@
+aj
\ No newline at end of file
diff --git a/gitcammans.txt b/gitcammans.txt
new file mode 100644
index 0000000..cd0adca
--- /dev/null
+++ b/gitcammans.txt
@@ -0,0 +1,18 @@
+<!DOCTYPE html>
+<html>
+<head>
+    <meta charset='utf-8'>


Akshay's Windows@DESKTOP-RKK0JEA MINGW64 /e/Software_Devel
$

Akshay's Windows@DESKTOP-RKK0JEA MINGW64 /e/Software_Devel
$ git status
On branch master
Changes not staged for commit:
  (use "git add/rm <file>..." to update what will be commi
  (use "git restore <file>..." to discard changes in worki
        modified:   a.txt
        deleted:    gitcammans.txt

no changes added to commit (use "git add" and/or "git comm

Akshay's Windows@DESKTOP-RKK0JEA MINGW64 /e/Software_Devel
$ git add a.txt

Akshay's Windows@DESKTOP-RKK0JEA MINGW64 /e/Software_Devel
$ git status
On branch master
Changes to be committed:
  (use "git restore --staged <file>..." to unstage)
        modified:   a.txt

Changes not staged for commit:
  (use "git add/rm <file>..." to update what will be commi
  (use "git restore <file>..." to discard changes in worki
        deleted:    gitcammans.txt


Akshay's Windows@DESKTOP-RKK0JEA MINGW64 /e/Software_Devel
$ git checkout a.txt
Updated 0 paths from the index

Akshay's Windows@DESKTOP-RKK0JEA MINGW64 /e/Software_Devel
$ git status
On branch master
Changes to be committed:
  (use "git restore --staged <file>..." to unstage)
        modified:   a.txt

Changes not staged for commit:
  (use "git add/rm <file>..." to update what will be commi
  (use "git restore <file>..." to discard changes in worki
        modified:   a.txt
        deleted:    gitcammans.txt


Akshay's Windows@DESKTOP-RKK0JEA MINGW64 /e/Software_Devel
$  git diff
diff --git a/a.txt b/a.txt
index f2d6085..21378c9 100644
--- a/a.txt
+++ b/a.txt
@@ -1 +1 @@
-akshay patil
\ No newline at end of file
+akshay patil bhosle we all r legend
\ No newline at end of file
diff --git a/gitcammans.txt b/gitcammans.txt
deleted file mode 100644
index cd0adca..0000000
--- a/gitcammans.txt
+++ /dev/null
@@ -1,18 +0,0 @@
-<!DOCTYPE html>
-<html>
-<head>
-    <meta charset='utf-8'>
-    <meta http-equiv='X-UA-Compatible' content='IE=edge'>
-    <title>Feadback Form</title>
-    <meta name='viewport' content='width=device-width, in
-    <link rel='stylesheet' type='text/css' media='screen'
-    <script src='main.js'></script>
-    <style>
-        h1{text-align: center; color:deeppink; size: 80px
-        h4{text-align: left;}
-        p.hight{
-            line-height:0.9;
-        }
-    </style>
-</head>
-<body>
\ No newline at end of file

Akshay's Windows@DESKTOP-RKK0JEA MINGW64 /e/Software_Devel
$ git checkout -f

Akshay's Windows@DESKTOP-RKK0JEA MINGW64 /e/Software_Devel
$ git status
On branch master
Changes not staged for commit:
  (use "git add <file>..." to update what will be committe
  (use "git restore <file>..." to discard changes in worki
        modified:   a.txt

no changes added to commit (use "git add" and/or "git comm

Akshay's Windows@DESKTOP-RKK0JEA MINGW64 /e/Software_Devel
$ git commit -a -m "skipped staging area and fixed <"
[master 32c376c] skipped staging area and fixed <
 1 file changed, 1 insertion(+), 1 deletion(-)

Akshay's Windows@DESKTOP-RKK0JEA MINGW64 /e/Software_Devel
$ git log
commit 32c376cc81b88becb6fefd4f8a215913ece18789 (HEAD -> m
Author: akshay <aakshaypatil33@gmail.com>
Date:   Wed Jan 5 15:02:08 2022 +0530

    skipped staging area and fixed <

commit f8246db39343157bb19018b79dd6a50d5c133617
Author: akshay <aakshaypatil33@gmail.com>
Date:   Wed Jan 5 13:55:48 2022 +0530

    add more texts

Akshay's Windows@DESKTOP-RKK0JEA MINGW64 /e/Software_Devel
$ git touch waste.txt
git: 'touch' is not a git command. See 'git --help'.

Akshay's Windows@DESKTOP-RKK0JEA MINGW64 /e/Software_Devel
$ touch waste.txt

Akshay's Windows@DESKTOP-RKK0JEA MINGW64 /e/Software_Devel
$ git ls
git: 'ls' is not a git command. See 'git --help'.

The most similar command is
        lfs

Akshay's Windows@DESKTOP-RKK0JEA MINGW64 /e/Software_Devel
$ ls
a.txt  b.txt  c.txt  gitcammans.txt  html.txt  waste.txt

Akshay's Windows@DESKTOP-RKK0JEA MINGW64 /e/Software_Devel
$ git status
On branch master
Untracked files:
  (use "git add <file>..." to include in what will be comm
        waste.txt

nothing added to commit but untracked files present (use "

Akshay's Windows@DESKTOP-RKK0JEA MINGW64 /e/Software_Devel
$ git add -A

Akshay's Windows@DESKTOP-RKK0JEA MINGW64 /e/Software_Devel
$ git rm --cached waste.txt
rm 'waste.txt'

Akshay's Windows@DESKTOP-RKK0JEA MINGW64 /e/Software_Devel
$ ls
a.txt  b.txt  c.txt  gitcammans.txt  html.txt  waste.txt

Akshay's Windows@DESKTOP-RKK0JEA MINGW64 /e/Software_Devel
$ git status
On branch master
Untracked files:
  (use "git add <file>..." to include in what will be comm
        waste.txt

nothing added to commit but untracked files present (use "

Akshay's Windows@DESKTOP-RKK0JEA MINGW64 /e/Software_Devel
$ git add -A

Akshay's Windows@DESKTOP-RKK0JEA MINGW64 /e/Software_Devel
$ git rm waste.txt
error: the following file has changes staged in the index:
    waste.txt
(use --cached to keep the file, or -f to force removal)

Akshay's Windows@DESKTOP-RKK0JEA MINGW64 /e/Software_Devel
$ ls
a.txt  b.txt  c.txt  gitcammans.txt  html.txt  waste.txt

Akshay's Windows@DESKTOP-RKK0JEA MINGW64 /e/Software_Devel
$ git commit -m"add mor"
[master 5a939d4] add mor
 1 file changed, 0 insertions(+), 0 deletions(-)
 create mode 100644 waste.txt

Akshay's Windows@DESKTOP-RKK0JEA MINGW64 /e/Software_Devel
$ git rm waste.txt
rm 'waste.txt'

Akshay's Windows@DESKTOP-RKK0JEA MINGW64 /e/Software_Devel
$ ks
bash: ks: command not found

Akshay's Windows@DESKTOP-RKK0JEA MINGW64 /e/Software_Devel
$ ls
a.txt  b.txt  c.txt  gitcammans.txt  html.txt

Akshay's Windows@DESKTOP-RKK0JEA MINGW64 /e/Software_Devel
$ git status -s
D  waste.txt

Akshay's Windows@DESKTOP-RKK0JEA MINGW64 /e/Software_Devel
$ git status
On branch master
Changes to be committed:
  (use "git restore --staged <file>..." to unstage)
        deleted:    waste.txt


Akshay's Windows@DESKTOP-RKK0JEA MINGW64 /e/Software_Devel
$ ls
a.txt  b.txt  c.txt  gitcammans.txt  html.txt

Akshay's Windows@DESKTOP-RKK0JEA MINGW64 /e/Software_Devel
$ git log -p -2
commit 5a939d4700f7f833d053ee4fe64623e63a115baa (HEAD -> m
Author: akshay <aakshaypatil33@gmail.com>
Date:   Wed Jan 5 15:17:41 2022 +0530

    add mor

diff --git a/waste.txt b/waste.txt
new file mode 100644
index 0000000..e69de29

commit 32c376cc81b88becb6fefd4f8a215913ece18789
Author: akshay <aakshaypatil33@gmail.com>
Date:   Wed Jan 5 15:02:08 2022 +0530

    skipped staging area and fixed <

diff --git a/a.txt b/a.txt
index a38e771..f2d6085 100644
--- a/a.txt
+++ b/a.txt
@@ -1 +1 @@
-akshay
\ No newline at end of file
+akshay patil
\ No newline at end of file

Akshay's Windows@DESKTOP-RKK0JEA MINGW64 /e/Software_Devel
$ git branch
* master

Akshay's Windows@DESKTOP-RKK0JEA MINGW64 /e/Software_Devel
$ git branch demo

Akshay's Windows@DESKTOP-RKK0JEA MINGW64 /e/Software_Devel
$ git branch
  demo
* master

Akshay's Windows@DESKTOP-RKK0JEA MINGW64 /e/Software_Devel
$ git checkout demo
Switched to branch 'demo'
D       waste.txt

Akshay's Windows@DESKTOP-RKK0JEA MINGW64 /e/Software_Devel
$ git branch
* demo
  master

Akshay's Windows@DESKTOP-RKK0JEA MINGW64 /e/Software_Devel
$ touch e.txt

Akshay's Windows@DESKTOP-RKK0JEA MINGW64 /e/Software_Devel
$ git add e.txt

Akshay's Windows@DESKTOP-RKK0JEA MINGW64 /e/Software_Devel
$ git commit -m"anither branch commit"
[demo 498a534] anither branch commit
 1 file changed, 0 insertions(+), 0 deletions(-)
 rename waste.txt => e.txt (100%)

Akshay's Windows@DESKTOP-RKK0JEA MINGW64 /e/Software_Devel
$ merge master
bash: merge: command not found

Akshay's Windows@DESKTOP-RKK0JEA MINGW64 /e/Software_Devel
$ git merge demo
Already up to date.

Akshay's Windows@DESKTOP-RKK0JEA MINGW64 /e/Software_Devel
$ git branch
* demo
  master

Akshay's Windows@DESKTOP-RKK0JEA MINGW64 /e/Software_Devel
$ git branch --merged
* demo
  master

Akshay's Windows@DESKTOP-RKK0JEA MINGW64 /e/Software_Devel
$ git branch demo1

Akshay's Windows@DESKTOP-RKK0JEA MINGW64 /e/Software_Developement_Methodology/git (demo)
$ git branch
* demo
  demo1
  master

Akshay's Windows@DESKTOP-RKK0JEA MINGW64 /e/Software_Devel
$ git remote add origin "https://github.com/aakshaypatil/Gitinfowayrepo.git"

Akshay's Windows@DESKTOP-RKK0JEA MINGW64 /e/Software_Developement_Methodology/git (demo)
$ git remote
origin

Akshay's Windows@DESKTOP-RKK0JEA MINGW64 /e/Software_Developement_Methodology/git (demo)
$ git push origin master

q
fatal: helper error (-1073741510): Unknown

Akshay's Windows@DESKTOP-RKK0JEA MINGW64 /e/Software_Developement_Methodology/git (demo)
$

Akshay's Windows@DESKTOP-RKK0JEA MINGW64 /e/Software_Developement_Methodology/git (demo)
$ q
bash: q: command not found

Akshay's Windows@DESKTOP-RKK0JEA MINGW64 /e/Software_Developement_Methodology/git (demo)
$ git checkout master
Switched to branch 'master'

Akshay's Windows@DESKTOP-RKK0JEA MINGW64 /e/Software_Developement_Methodology/git (master)
$ git push origin master
Enumerating objects: 11, done.
Counting objects: 100% (11/11), done.
Delta compression using up to 8 threads
Compressing objects: 100% (7/7), done.
Writing objects: 100% (11/11), 1.04 KiB | 152.00 KiB/s, done.
Total 11 (delta 2), reused 0 (delta 0), pack-reused 0
remote: Resolving deltas: 100% (2/2), done.
remote:
remote: Create a pull request for 'master' on GitHub by visiting:
remote:      https://github.com/aakshaypatil/Gitinfowayrepo/pull/new/master
remote:
To https://github.com/aakshaypatil/Gitinfowayrepo.git
 * [new branch]      master -> master

Akshay's Windows@DESKTOP-RKK0JEA MINGW64 /e/Software_Developement_Methodology/git (master)
$ git status
On branch master
Changes not staged for commit:
  (use "git add <file>..." to update what will be committed)
  (use "git restore <file>..." to discard changes in working directory)
        modified:   a.txt
        modified:   b.txt
        modified:   c.txt

no changes added to commit (use "git add" and/or "git commit -a")

Akshay's Windows@DESKTOP-RKK0JEA MINGW64 /e/Software_Developement_Methodology/git (master)
$ git status -s
 M a.txt
 M b.txt
 M c.txt

Akshay's Windows@DESKTOP-RKK0JEA MINGW64 /e/Software_Developement_Methodology/git (master)
$ git add a.txt

Akshay's Windows@DESKTOP-RKK0JEA MINGW64 /e/Software_Developement_Methodology/git (master)
$ git status -s
M  a.txt
 M b.txt
 M c.txt

Akshay's Windows@DESKTOP-RKK0JEA MINGW64 /e/Software_Developement_Methodology/git (master)
$ git .ignore
git: '.ignore' is not a git command. See 'git --help'.

Akshay's Windows@DESKTOP-RKK0JEA MINGW64 /e/Software_Developement_Methodology/git (master)
$ touch .gitignore

Akshay's Windows@DESKTOP-RKK0JEA MINGW64 /e/Software_Developement_Methodology/git (master)
$ git checkout -f

Akshay's Windows@DESKTOP-RKK0JEA MINGW64 /e/Software_Developement_Methodology/git (master)
$ touch mylogs.log

Akshay's Windows@DESKTOP-RKK0JEA MINGW64 /e/Software_Developement_Methodology/git (master)
$ git status -s
?? .gitignore
?? mylogs.log

Akshay's Windows@DESKTOP-RKK0JEA MINGW64 /e/Software_Developement_Methodology/git (master)
$ git status
On branch master
Untracked files:
  (use "git add <file>..." to include in what will be committed)
        .gitignore
        mylogs.log

nothing added to commit but untracked files present (use "git add" to track)

Akshay's Windows@DESKTOP-RKK0JEA MINGW64 /e/Software_Developement_Methodology/git (master)
$ git status
On branch master
Untracked files:
  (use "git add <file>..." to include in what will be committed)
        .gitignore

nothing added to commit but untracked files present (use "git add" to track)

Akshay's Windows@DESKTOP-RKK0JEA MINGW64 /e/Software_Developement_Methodology/git (master)
$ git add  gitignore
fatal: pathspec 'gitignore' did not match any files

Akshay's Windows@DESKTOP-RKK0JEA MINGW64 /e/Software_Developement_Methodology/git (master)
$ git branch
  demo
  demo1
* master

Akshay's Windows@DESKTOP-RKK0JEA MINGW64 /e/Software_Developement_Methodology/git (master)
$ git checkout demo1
Switched to branch 'demo1'
M       a.txt

Akshay's Windows@DESKTOP-RKK0JEA MINGW64 /e/Software_Developement_Methodology/git (demo1)
$ git status
On branch demo1
Changes not staged for commit:
  (use "git add <file>..." to update what will be committed)
  (use "git restore <file>..." to discard changes in working directory)
        modified:   a.txt

Untracked files:
  (use "git add <file>..." to include in what will be committed)
        .gitignore

no changes added to commit (use "git add" and/or "git commit -a")

Akshay's Windows@DESKTOP-RKK0JEA MINGW64 /e/Software_Developement_Methodology/git (demo1)
$ git add a.txt

Akshay's Windows@DESKTOP-RKK0JEA MINGW64 /e/Software_Developement_Methodology/git (demo1)
$ git check status
git: 'check' is not a git command. See 'git --help'.

The most similar command is
        checkout

Akshay's Windows@DESKTOP-RKK0JEA MINGW64 /e/Software_Developement_Methodology/git (demo1)
$ git status
On branch demo1
Changes to be committed:
  (use "git restore --staged <file>..." to unstage)
        modified:   a.txt

Untracked files:
  (use "git add <file>..." to include in what will be committed)
        .gitignore


Akshay's Windows@DESKTOP-RKK0JEA MINGW64 /e/Software_Developement_Methodology/git (demo1)
$ git commit -m" fixed the bracket"
[demo1 cf37b07]  fixed the bracket
 1 file changed, 1 insertion(+), 1 deletion(-)

Akshay's Windows@DESKTOP-RKK0JEA MINGW64 /e/Software_Developement_Methodology/git (demo1)
$ git log
commit cf37b0728169c1c2926b740d92736cd720449339 (HEAD -> demo1)
Author: akshay <aakshaypatil33@gmail.com>
Date:   Wed Jan 5 18:40:25 2022 +0530

     fixed the bracket

commit 498a534b0984b687b654f1c284291a230a333a11 (demo)
Author: akshay <aakshaypatil33@gmail.com>
Date:   Wed Jan 5 16:18:34 2022 +0530

    anither branch commit

commit 5a939d4700f7f833d053ee4fe64623e63a115baa (origin/master, master)
Author: akshay <aakshaypatil33@gmail.com>
Date:   Wed Jan 5 15:17:41 2022 +0530

    add mor

commit 32c376cc81b88becb6fefd4f8a215913ece18789
Author: akshay <aakshaypatil33@gmail.com>
Date:   Wed Jan 5 15:02:08 2022 +0530

    skipped staging area and fixed <

commit f8246db39343157bb19018b79dd6a50d5c133617
Author: akshay <aakshaypatil33@gmail.com>
Date:   Wed Jan 5 13:55:48 2022 +0530

    add more texts

Akshay's Windows@DESKTOP-RKK0JEA MINGW64 /e/Software_Developement_Methodology/git (demo1)
$ git log -p -2
commit cf37b0728169c1c2926b740d92736cd720449339 (HEAD -> demo1)
Author: akshay <aakshaypatil33@gmail.com>
Date:   Wed Jan 5 18:40:25 2022 +0530

     fixed the bracket

diff --git a/a.txt b/a.txt
index f2d6085..adc7bbe 100644
--- a/a.txt
+++ b/a.txt
@@ -1 +1 @@
-akshay patil
\ No newline at end of file
+akshay patil we r here to check/inspect to branches
\ No newline at end of file

commit 498a534b0984b687b654f1c284291a230a333a11 (demo)
Author: akshay <aakshaypatil33@gmail.com>
Date:   Wed Jan 5 16:18:34 2022 +0530

    anither branch commit

diff --git a/waste.txt b/e.txt
similarity index 100%
rename from waste.txt
rename to e.txt

Akshay's Windows@DESKTOP-RKK0JEA MINGW64 /e/Software_Developement_Methodology/git (demo1)
$ git log -p -3
commit cf37b0728169c1c2926b740d92736cd720449339 (HEAD -> demo1)
Author: akshay <aakshaypatil33@gmail.com>
Date:   Wed Jan 5 18:40:25 2022 +0530

     fixed the bracket

diff --git a/a.txt b/a.txt
index f2d6085..adc7bbe 100644
--- a/a.txt
+++ b/a.txt
@@ -1 +1 @@
-akshay patil
\ No newline at end of file
+akshay patil we r here to check/inspect to branches
\ No newline at end of file

commit 498a534b0984b687b654f1c284291a230a333a11 (demo)
Author: akshay <aakshaypatil33@gmail.com>
Date:   Wed Jan 5 16:18:34 2022 +0530

    anither branch commit

diff --git a/waste.txt b/e.txt
similarity index 100%
rename from waste.txt
rename to e.txt

commit 5a939d4700f7f833d053ee4fe64623e63a115baa (origin/master, master)
Author: akshay <aakshaypatil33@gmail.com>
Date:   Wed Jan 5 15:17:41 2022 +0530


Akshay's Windows@DESKTOP-RKK0JEA MINGW64 /e/Software_Developement_Methodology/git (demo1)
$ git status
On branch demo1
Changes not staged for commit:
  (use "git add <file>..." to update what will be committed)
  (use "git restore <file>..." to discard changes in working directory)
        modified:   a.txt

Untracked files:
  (use "git add <file>..." to include in what will be committed)
        .gitignore

no changes added to commit (use "git add" and/or "git commit -a")

Akshay's Windows@DESKTOP-RKK0JEA MINGW64 /e/Software_Developement_Methodology/git (demo1)
$ git add a.txt

Akshay's Windows@DESKTOP-RKK0JEA MINGW64 /e/Software_Developement_Methodology/git (demo1)
$ git commit -m" extra feature"
[demo1 61ec6ee]  extra feature
 1 file changed, 1 insertion(+), 1 deletion(-)

Akshay's Windows@DESKTOP-RKK0JEA MINGW64 /e/Software_Developement_Methodology/git (demo1)
$ git checkout demo1
Already on 'demo1'

Akshay's Windows@DESKTOP-RKK0JEA MINGW64 /e/Software_Developement_Methodology/git (demo1)
$ git checkout master
Switched to branch 'master'

Akshay's Windows@DESKTOP-RKK0JEA MINGW64 /e/Software_Developement_Methodology/git (master)
$ $ ssh-keygen -t rsa -b 4096 -C "aakshaypatil33@gmail.com"
bash: $: command not found

Akshay's Windows@DESKTOP-RKK0JEA MINGW64 /e/Software_Developement_Methodology/git (master)
$ git push origin master
Everything up-to-date

Akshay's Windows@DESKTOP-RKK0JEA MINGW64 /e/Software_Developement_Methodology/git (master)
$ $ ssh-keygen -t rsa -b 4096 -C "aakshaypatil33@gmail.com"
bash: $: command not found

Akshay's Windows@DESKTOP-RKK0JEA MINGW64 /e/Software_Developement_Methodology/git (master)
$ history
    1  git init
    2  git --version
    3  git status
    4  git add *
    5  git rm --cached
    6  git status
    7  git add html.txt
    8  git init
    9  ls -lart
   10  git status
   11  git add html.txt
   12  git clear
   13  git clean
   14  clean
   15  git config --global user.name "akshay"
   16  git config --global user.name "aakshaypatil33@gmail.com"
   17  git config --list
   18  code.
   19  git init
   20  cd E:/
   21  cd Software_Developement_Methodology/
   22  cd git/
   23  touch a.txt
   24  touch b.txt
   25  touch c.txt
   26  git status
   27  git init
   28  git status
   29  summit -A
   30  git summit -A
   31  git status
   32  git add a.txt
   33  git status
   34  git add -A
   35  git status
   36  git status
   37  git add -A
   38  git status
   39   git commit -m"add more texts"
   40  git config --global user.name "akshay"
   41  git config --global user.email "aakshaypatil33@gmail.com"
   42  git uname
   43  git username
   44  git commit -m"add more texts"
   45  git status
   46  git status
   47  git unchecked a.txt
   48  git checkedout a.txt
   49  git cheackout a.txt
   50  git checkout a.txt
   51  git status
   52  git checkout -f
   53  git log
   54  git log -p -1
   55  git status
   56  git checkout html.txt
   57  git status
   58  git log -p -8
   59  git status
   60  git add a.txt
   61  git status
   62  git checkout a.txt
   63  git status
   64   git diff
   65  git checkout -f
   66  git status
   67  git commit -a -m "skipped staging area and fixed <"
   68  git log
   69  git touch waste.txt
   70  touch waste.txt
   71  git ls
   72  ls
   73  git status
   74  git add -A
   75  git rm --cached waste.txt
   76  ls
   77  git status
   78  git add -A
   79  git rm waste.txt
   80  ls
   81  git commit -m"add mor"
   82  git rm waste.txt
   83  ks
   84  ls
   85  git status -s
   86  git status
   87  ls
   88  git log -p -2
   89  git branch
   90  git branch demo
   91  git branch
   92  git checkout demo
   93  git branch
   94  touch e.txt
   95  git add e.txt
   96  git commit -m"anither branch commit"
   97  merge master
   98  git merge demo
   99  git branch
  100  git branch --merged
  101  git branch demo1
  102  git branch
  103  git remote add origin "https://github.com/aakshaypatil/Gitinfowayrepo.git"
  104  git remote
  105  git push origin master
  106  q
  107  git checkout master
  108  git push origin master
  109  git status
  110  git status -s
  111  git add a.txt
  112  git status -s
  113  git .ignore
  114  touch .gitignore
  115  git checkout -f
  116  touch mylogs.log
  117  git status -s
  118  git status
  119  git status
  120  git add  gitignore
  121  git branch
  122  git checkout demo1
  123  git status
  124  git add a.txt
  125  git check status
  126  git status
  127  git commit -m" fixed the bracket"
  128  git log
  129  git log -p -2
  130  git log -p -3
  131  git status
  132  git add a.txt
  133  git commit -m" extra feature"
  134  git checkout demo1
  135  git checkout master
  136  $ ssh-keygen -t rsa -b 4096 -C "aakshaypatil33@gmail.com"
  137  git push origin master
  138  $ ssh-keygen -t rsa -b 4096 -C "aakshaypatil33@gmail.com"
  139  history

Akshay's Windows@DESKTOP-RKK0JEA MINGW64 /e/Software_Developement_Methodology/git (master)
$
